// Jest Snapshot v1, https://goo.gl/fbAQLP

exports[`storeLocator renders correctly 1`] = `
<div>
  <div
    className="Header"
  >
    <img
      alt="wired brain logo"
      src="images/wired-brain-coffee-logo.png"
    />
  </div>
  <div>
     
     
  </div>
  <div
    className="MapBox"
  >
    <img
      src="images/none.png"
    />
  </div>
</div>
`;
